// Jest Snapshot v1, https://goo.gl/fbAQLP

exports[`should render ToggleButton correctly 1`] = `
<button
  className="toggle-button"
>
  <Icon
    fill="currentColor"
    icon={
      Object {
        "children": Array [
          Object {
            "attribs": Object {
              "d": "M8.59 16.34l4.58-4.59-4.58-4.59L10 5.75l6 6-6 6z",
            },
            "name": "path",
          },
        ],
        "viewBox": "0 0 24 24",
      }
    }
    size="24"
  />
</button>
`;
